
E: Could not open lock file /var/cache/apt/archives/lock - open (13: Permission denied)
E: Unable to lock directory /var/cache/apt/archives/
E: List directory /var/lib/apt/lists/partial is missing. - Acquire (13: Permission denied)
Reading package lists...
E: List directory /var/lib/apt/lists/partial is missing. - Acquire (13: Permission denied)
./build.sh: line 36: python3.9: command not found
./build.sh: line 37: /workspace/venv/bin/activate: No such file or directory
./build.sh: line 40: /workspace/venv/bin/pip: No such file or directory
./build.sh: line 41: /workspace/venv/bin/pip: No such file or directory
./build.sh: line 49: /workspace/venv/bin/gunicorn: No such file or directory
Timer: Builder ran for 16.06593884s and ended at 2025-02-15T02:05:16Z